[www.saes.esimecu.ipn.mx/default.html]
[www.saes.esimecu.ipn.mx/BotDetectCaptcha029e.css]
[www.saes.esimecu.ipn.mx/App_Themes/Granite/_vti_cnf/Default.css]
[www.saes.esimecu.ipn.mx/App_Themes/Granite/Default.css]
[backblue.gif]
[fade.gif]
[index.html]
[framework-gb.cdn.gob.mx/assets/styles/main.css]
[www.saes.esimecu.ipn.mx/WebResource8a28.js]
[www.saes.esimecu.ipn.mx/WebResource5f83.js]
[www.saes.esimecu.ipn.mx/WebResourcecda7.js]
[www.saes.esimecu.ipn.mx/Default-2.html]
[www.saes.esimecu.ipn.mx/Images/logos/Poli_XCH.png]
[www.saes.esimecu.ipn.mx/Images/logos/35.png]
[www.saes.esimecu.ipn.mx/Images/email.png]
[www.saes.esimecu.ipn.mx/Mapa.html]
[www.saes.esimecu.ipn.mx/Images/mapa.png]
[www.saes.esimecu.ipn.mx/WebResourceaddc.gif]
[www.saes.esimecu.ipn.mx/Reglamento/Default.html]
[www.saes.esimecu.ipn.mx/Ayuda/Ayuda.html]
[www.saes.esimecu.ipn.mx/SendEmail/RecuperaPass.html]
[www.saes.esimecu.ipn.mx/Images/alumnos.jpg]
[www.saes.esimecu.ipn.mx/BotDetectCaptcha841a.jpg]
[www.saes.esimecu.ipn.mx/BotDetectCaptcha29ca.gif]
[www.saes.esimecu.ipn.mx/BotDetectCaptchae726.ashx]
[www.saes.esimecu.ipn.mx/Default934b.html]
[www.saes.esimecu.ipn.mx/Defaultf905.html]
[www.saes.esimecu.ipn.mx/Default75a5.html]
[www.saes.esimecu.ipn.mx/WebResource05c4.html]
[framework-gb.cdn.gob.mx/gobmx.js]
[www.saes.esimecu.ipn.mx/default.html]
[www.saes.esimecu.ipn.mx/BotDetectCaptcha029e.css]
[www.saes.esimecu.ipn.mx/App_Themes/Granite/_vti_cnf/Default.css]
[www.saes.esimecu.ipn.mx/App_Themes/Granite/Images/bg_tile.gif]
[www.saes.esimecu.ipn.mx/App_Themes/Granite/Images/main_bg.png]
[www.saes.esimecu.ipn.mx/App_Themes/Granite/Images/header_bg.png]
[www.saes.esimecu.ipn.mx/App_Themes/Granite/Images/star-empty.png]
[www.saes.esimecu.ipn.mx/App_Themes/Granite/Images/star.png]
[www.saes.esimecu.ipn.mx/App_Themes/Granite/Images/star-done.png]
[www.saes.esimecu.ipn.mx/App_Themes/Granite/Default.css]
[framework-gb.cdn.gob.mx/assets/styles/fonts/icogobmxf547.eot]
[framework-gb.cdn.gob.mx/assets/styles/fonts/icogobmxd41d.eot]
[framework-gb.cdn.gob.mx/assets/styles/fonts/icogobmxf547.woff]
[framework-gb.cdn.gob.mx/assets/styles/fonts/icogobmxf547.ttf]
[framework-gb.cdn.gob.mx/assets/styles/fonts/icogobmxf547.svg]
[framework-gb.cdn.gob.mx/assets/images/icons_full.png]
[framework-gb.cdn.gob.mx/assets/styles/main.css]
[www.saes.esimecu.ipn.mx/WebResource8a28.js]
[www.saes.esimecu.ipn.mx/WebResource5f83.js]
[www.saes.esimecu.ipn.mx/WebResourcecda7.js]
[www.saes.esimecu.ipn.mx/BotDetectCaptcha72e2.jpg]
[www.saes.esimecu.ipn.mx/Default-2.html]
[www.saes.esimecu.ipn.mx/WebResource49aa.js]
[www.saes.esimecu.ipn.mx/WebResourced429.gif]
[www.saes.esimecu.ipn.mx/WebResourcef517.gif]
[www.saes.esimecu.ipn.mx/BotDetectCaptchac4eb.jpg]
[www.saes.esimecu.ipn.mx/Mapa.html]
[www.saes.esimecu.ipn.mx/BotDetectCaptchaf5e0.jpg]
[www.saes.esimecu.ipn.mx/Reglamento/Default.html]
[www.saes.esimecu.ipn.mx/index.html]
[www.saes.esimecu.ipn.mx/Images/IniciarSesion.jpg]
[www.saes.esimecu.ipn.mx/BotDetectCaptcha075e.jpg]
[www.saes.esimecu.ipn.mx/Ayuda/Ayuda.html]
[www.saes.esimecu.ipn.mx/BotDetectCaptcha1ec1.jpg]
[www.saes.esimecu.ipn.mx/SendEmail/RecuperaPass.html]
[www.saes.esimecu.ipn.mx/BotDetectCaptchac232.jpg]
[www.saes.esimecu.ipn.mx/Default934b.html]
[www.saes.esimecu.ipn.mx/BotDetectCaptcha2726.jpg]
[www.saes.esimecu.ipn.mx/Defaultf905.html]
[www.saes.esimecu.ipn.mx/BotDetectCaptcha8b09.jpg]
[www.saes.esimecu.ipn.mx/Default75a5.html]
[www.saes.esimecu.ipn.mx/WebResource05c4.html]
[framework-gb.cdn.gob.mx/gobmx.js]
[www.saes.esimecu.ipn.mx/App_Themes/Granite/Images/demotop.html]
[www.saes.esimecu.ipn.mx/App_Themes/Granite/Images/demobottom.html]
[www.saes.esimecu.ipn.mx/Images/tramites-fondo-01.html]
[www.saes.esimecu.ipn.mx/Images/tramites-fondo-02.html]
[www.saes.esimecu.ipn.mx/Images/tramites-fondo-03.html]
[framework-gb.cdn.gob.mx/assets/styles/fonts/icogobmxf547.svg]
[framework-gb.cdn.gob.mx/assets/images/home_picture.html]
[www.saes.esimecu.ipn.mx/POST.html]
[www.saes.esimecu.ipn.mx/WebResource49aa.js]
[www.saes.esimecu.ipn.mx/BotDetectCaptcha4ae4.jpg]
[www.saes.esimecu.ipn.mx/index.html]
